█  █     █
       █  
 3    0   
  2  █   1
   10█    
    1██   
█   2  2  
   █    █ 
  1       
0     1  0

█* █*    █
   *   █  
*█*   █  *
 *█  █   █
   ███*   
   *███*  
█ * █* █* 
*  █*   █*
  █     * 
█ *   █* █

Unique solution
