BBHHHHD
HHHDDDD
HEEDFGG
HEEDFGL
EEKKFGL
KKKKFGL
KFFFFGL

Unique solution
