     ▴  
◂▪▸  ▪ •
     ▾  
◂▪▪▸   •
        
 ▴    ◂▸
 ▾ ▴    
   ▾ •  

                 2      
  1  1  1        2     6
                 2      
  0  0  0  0           7
                        
     5              4  4
     5     3            
           3     8      

                 5      
  8  8  8        5    15
                 5      
 24 24 24 24          31
                        
    41             46 46
    41    51            
          51    61      

Unique solution
