8 8 3 3 101010105 
8 8 8 3 1010105 5 
3 3 8 10104 4 4 5 
1 3 8 3 102 2 4 5 
2 2 8 3 3 1 3 2 2 
6 6 2 2 1 3 3 1 3 
6 4 4 4 2 2 1 3 3 
6 4 2 2 4 3 3 4 4 
6 6 4 4 4 1 3 4 4 

Unique solution
