812439765
354167298
697582431
476891352
925743186
183256974
768914523
549328617
231675849

Unique solution
