   1 4 5 2   
  2 3 6 1 4  
 9 7     3 9 
5 6 1   5 2 1
 9 8     8 4 
  2 4 8 1 9  
   6 5 7 3   

Unique solution
