           
           
    O I    
   I I I   
  I I I O  
 I I O I O 
  O O O I  
 O I I I I 
  I I O I  
 I O O O O 
  I O I I  
 O I O I I 
  O O O I  
 I O I I O 
  I I I I  
 I O I I I 
  I O O O  
 O I O I O 
  I O I I  
 I I O I I 
  I I I O  
 O I O I O 
  I I O I  
 I I O I I 
  O O O O  
   I I I   
    I I    
           
           
          ╱▔╲       
    ╱▔╲3╱▔ 3 ▔╲     
  ╱▔ 3 ▔ 3   3╱     
╱▔ 3    ╱▔╲   ╲3    
╲ ╱▔╲ ╱▔   ▔╲  ▔╲   
 ▔ 5╱ ╲5╱▔╲4╱  2 ▔╲ 
 3╱▔   ▔ 5╱ ╲    4╱ 
╱▔  ╱▔╲4╱▔ 3 ▔╲ ╱▔  
╲4  ╲5 ▔ 3╱▔╲5╱ ╲4  
 ▔╲  ▔╲   ╲  ▔   ▔╲ 
 3 ▔╲ ╱  2 ▔╲    4╱ 
╱▔╲  ▔ 3╱▔╲5╱   ╱▔  
╲4 ▔╲3╱▔   ▔ 1  ╲4  
╱   ╱ ╲          ▔╲ 
╲3  ╲4 ▔╲ ╱▔╲2╱▔╲5╱ 
 ▔╲  ▔╲3 ▔ 5╱ ╲  ▔  
 4╱   ╱  2╱▔   ▔╲3  
╱▔    ╲   ╲      ▔╲ 
╲4   1 ▔╲3╱  1╱▔╲5╱ 
 ▔╲    3╱ ╲3  ╲  ▔  
 4╱     ╲3 ▔╲  ▔╲3  
╱▔ 2   3╱  3╱  3 ▔╲ 
╲ ╱▔╲ ╱▔    ╲ ╱▔╲ ╱ 
 ▔ 4╱ ╲ ╱▔╲ ╱ ╲4 ▔  
    ╲4 ▔ 4 ▔ 4╱     
     ▔╲4╱▔╲4╱▔      
       ▔   ▔        
                    

Unique solution
