██  09    ██    08    
  ██    ██  ██  07    
        12          16
09            ██  ██  
██10    ██      ██    
    12  08  11██03    
    ██          ██03██
        ██  ██    ██03
07  ██    ██02  ██    
    07      ██        
  ██02██  ██    05  ██

Unique solution
