      IIII
   SS  L  
 LSS   L I
 L IIIILLI
 LL   L  I
  TTT L  I
SS T LL  T
 SSLL   TT
    L T  T
IIIILTTT  

                    1  1  1  1
           3  3        0      
     0  3  3           0     1
     0     1  1  1  1  0  0  1
     0  0           0        1
        2  2  2     0        1
  3  3     2     0  0        2
     3  3  0  0           2  2
              0     2        2
  1  1  1  1  0  2  2  2      

                    6  6  6  6
          13 13       17      
    21 13 13          17    29
    21    33 33 33 33 17 17 29
    21 21          46       29
       52 52 52    46       29
 60 60    52    46 46       69
    60 60 73 73          69 69
             73    86       69
 90 90 90 90 73 86 86 86      

Unique solution
