6 666133
616 1  3
1  12 3 
 21 213 
12 1  34
 1 213 4
 212 334
12 122 4

Unique solution
