┌─┐4──┐
│3└─25│
│└─31││
│┌─5│││
││┌─┘││
││1┌─┘│
2└─┘4─┘

Unique solution
