465213
123456
352641
614532
536124
241365

CIRCLE
