CAAAADB
CEEEDDD
FFEDDDG
FEEEDHG
FFFHHHG
JIFHHHG
JFFHKKG

Unique solution
