 •   ◦  
 ◦    • 
◦      •
        
        
•      •
      ◦ 
X •   ◦ 
    ┌┐  
 ┌─┐││  
┌┘ └┘└┐ 
│   ┌┐└┐
└┐ ┌┘└─┘
 └┐└┐   
  └┐└─┐ 
   └──┘ 

  0  0  0  0        3  3
  0                 3  3
        2              3
     2  2  2            
        2               
  1              4  4  4
  1  1                 4
     1  1              4

Unique solution
